// Jest Snapshot v1, https://goo.gl/fbAQLP

exports[`SvgLogo snapshot 1`] = `
<pure(SvgLogo)
  height="50"
  icon="avalanche-logo.svg"
  width="50"
>
  <SvgLogo
    height="50"
    icon="avalanche-logo.svg"
    width="50"
  >
    <img
      alt="logo"
      height="50"
      src="avalanche-logo.svg"
      style={
        Object {
          "margin": "0",
        }
      }
      width="50"
    />
  </SvgLogo>
</pure(SvgLogo)>
`;
